载入 claim：human=74  model=62  total=136
加载模型 MoritzLaurer/mDeBERTa-v3-base-xnli-multilingual-nli-2mil7 ...
python.exe : c:\Users\23297\Downloads\Lab\.pylibs\torch\jit\_script.py:1491: FutureWarning: `torch.jit.script` is depre
cated. Please switch to `torch.compile` or `torch.export`.
At line:20 char:1
+ & $py $script $gold $ds $out 2 2>&1 | Tee-Object -FilePath "c:\Users\ ...
+ ~~~~~~~~~~~~~~~~~~~~~~~~~~~~~~~~~~~
    + CategoryInfo          : NotSpecified: (c:\Users\23297\...`torch.export`.:String) [], RemoteException
    + FullyQualifiedErrorId : NativeCommandError
 
  warnings.warn(

Loading weights:   0%|          | 0/198 [00:00<?, ?it/s]
Loading weights:  14%|█▎        | 27/198 [00:00<00:00, 251.65it/s]
Loading weights:  36%|███▋      | 72/198 [00:00<00:00, 358.07it/s]
Loading weights: 100%|██████████| 198/198 [00:00<00:00, 841.19it/s]
[transformers] [1mDebertaV2Model LOAD REPORT[0m from: MoritzLaurer/mDeBERTa-v3-base-xnli-multilingual-nli-2mil7
Key                 | Status     |  | 
--------------------+------------+--+-
classifier.weight   | UNEXPECTED |  | 
classifier.bias     | UNEXPECTED |  | 
pooler.dense.weight | UNEXPECTED |  | 
pooler.dense.bias   | UNEXPECTED |  | 

Notes:
- UNEXPECTED:	can be ignored when loading from different task/architecture; not ok if you expect identical arch.
Stage 1: 句向量编码 ...
